<?xml version="1.0" encoding="ISO-8859-1" ?>
<link_info>
   <banner>TI ARM Clang Linker PC v3.2.2.LTS</banner>
   <copyright>Copyright (c) 1996-2018 Texas Instruments Incorporated</copyright>
   <link_time>0x66aaf1bd</link_time>
   <link_errors>0x0</link_errors>
   <output_file>D:\WorkDoc\2024  diansai\CCS theia\000000001\Debug\000000001.out</output_file>
   <entry_point>
      <name>_c_int00_noargs</name>
      <address>0x1405</address>
   </entry_point>
   <input_file_list>
      <input_file id="fl-1">
         <path>D:\WorkDoc\2024  diansai\CCS theia\000000001\Debug\.\</path>
         <kind>object</kind>
         <file>empty.o</file>
         <name>empty.o</name>
      </input_file>
      <input_file id="fl-2">
         <path>D:\WorkDoc\2024  diansai\CCS theia\000000001\Debug\.\</path>
         <kind>object</kind>
         <file>ti_msp_dl_config.o</file>
         <name>ti_msp_dl_config.o</name>
      </input_file>
      <input_file id="fl-3">
         <path>D:\WorkDoc\2024  diansai\CCS theia\000000001\Debug\.\</path>
         <kind>object</kind>
         <file>startup_mspm0g350x_ticlang.o</file>
         <name>startup_mspm0g350x_ticlang.o</name>
      </input_file>
      <input_file id="fl-4">
         <path>D:\WorkDoc\2024  diansai\CCS theia\000000001\Debug\.\Hardware\</path>
         <kind>object</kind>
         <file>dac.o</file>
         <name>dac.o</name>
      </input_file>
      <input_file id="fl-5">
         <path>D:\WorkDoc\2024  diansai\CCS theia\000000001\Debug\.\Hardware\</path>
         <kind>object</kind>
         <file>interrupt.o</file>
         <name>interrupt.o</name>
      </input_file>
      <input_file id="fl-6">
         <path>D:\WorkDoc\2024  diansai\CCS theia\000000001\Debug\.\Hardware\</path>
         <kind>object</kind>
         <file>key.o</file>
         <name>key.o</name>
      </input_file>
      <input_file id="fl-7">
         <path>D:\WorkDoc\2024  diansai\CCS theia\000000001\Debug\.\Hardware\</path>
         <kind>object</kind>
         <file>led.o</file>
         <name>led.o</name>
      </input_file>
      <input_file id="fl-8">
         <path>D:\WorkDoc\2024  diansai\CCS theia\000000001\Debug\.\Hardware\</path>
         <kind>object</kind>
         <file>uart.o</file>
         <name>uart.o</name>
      </input_file>
      <input_file id="fl-15">
         <path>D:\WorkDoc\2024  diansai\CCS theia\000000001\Debug\</path>
         <kind>object</kind>
         <file>&lt;internal&gt;</file>
         <name>&lt;internal&gt;</name>
      </input_file>
      <input_file id="fl-16">
         <path>C:\ti\mspm0_sdk_2_01_00_03\source\ti\driverlib\lib\ticlang\m0p\mspm0g1x0x_g3x0x\</path>
         <kind>archive</kind>
         <file>driverlib.a</file>
         <name>dl_common.o</name>
      </input_file>
      <input_file id="fl-17">
         <path>C:\ti\mspm0_sdk_2_01_00_03\source\ti\driverlib\lib\ticlang\m0p\mspm0g1x0x_g3x0x\</path>
         <kind>archive</kind>
         <file>driverlib.a</file>
         <name>dl_timer.o</name>
      </input_file>
      <input_file id="fl-18">
         <path>C:\ti\mspm0_sdk_2_01_00_03\source\ti\driverlib\lib\ticlang\m0p\mspm0g1x0x_g3x0x\</path>
         <kind>archive</kind>
         <file>driverlib.a</file>
         <name>dl_uart.o</name>
      </input_file>
      <input_file id="fl-27">
         <path>D:\CCS\ccs\tools\compiler\ti-cgt-armllvm_3.2.2.LTS\lib\armv6m-ti-none-eabi\c\</path>
         <kind>archive</kind>
         <file>libc.a</file>
         <name>boot_cortex_m.c.obj</name>
      </input_file>
      <input_file id="fl-28">
         <path>D:\CCS\ccs\tools\compiler\ti-cgt-armllvm_3.2.2.LTS\lib\armv6m-ti-none-eabi\c\</path>
         <kind>archive</kind>
         <file>libc.a</file>
         <name>mathacl_init.c.obj</name>
      </input_file>
      <input_file id="fl-29">
         <path>D:\CCS\ccs\tools\compiler\ti-cgt-armllvm_3.2.2.LTS\lib\armv6m-ti-none-eabi\c\</path>
         <kind>archive</kind>
         <file>libc.a</file>
         <name>autoinit.c.obj</name>
      </input_file>
      <input_file id="fl-2a">
         <path>D:\CCS\ccs\tools\compiler\ti-cgt-armllvm_3.2.2.LTS\lib\armv6m-ti-none-eabi\c\</path>
         <kind>archive</kind>
         <file>libc.a</file>
         <name>pre_init.c.obj</name>
      </input_file>
      <input_file id="fl-2b">
         <path>D:\CCS\ccs\tools\compiler\ti-cgt-armllvm_3.2.2.LTS\lib\armv6m-ti-none-eabi\c\</path>
         <kind>archive</kind>
         <file>libc.a</file>
         <name>cpy_tbl.c.obj</name>
      </input_file>
      <input_file id="fl-2c">
         <path>D:\CCS\ccs\tools\compiler\ti-cgt-armllvm_3.2.2.LTS\lib\armv6m-ti-none-eabi\c\</path>
         <kind>archive</kind>
         <file>libc.a</file>
         <name>copy_zero_init.c.obj</name>
      </input_file>
      <input_file id="fl-2d">
         <path>D:\CCS\ccs\tools\compiler\ti-cgt-armllvm_3.2.2.LTS\lib\armv6m-ti-none-eabi\c\</path>
         <kind>archive</kind>
         <file>libc.a</file>
         <name>copy_decompress_none.c.obj</name>
      </input_file>
      <input_file id="fl-2e">
         <path>D:\CCS\ccs\tools\compiler\ti-cgt-armllvm_3.2.2.LTS\lib\armv6m-ti-none-eabi\c\</path>
         <kind>archive</kind>
         <file>libc.a</file>
         <name>copy_decompress_lzss.c.obj</name>
      </input_file>
      <input_file id="fl-2f">
         <path>D:\CCS\ccs\tools\compiler\ti-cgt-armllvm_3.2.2.LTS\lib\armv6m-ti-none-eabi\c\</path>
         <kind>archive</kind>
         <file>libc.a</file>
         <name>exit.c.obj</name>
      </input_file>
      <input_file id="fl-30">
         <path>D:\CCS\ccs\tools\compiler\ti-cgt-armllvm_3.2.2.LTS\lib\armv6m-ti-none-eabi\c\</path>
         <kind>archive</kind>
         <file>libc.a</file>
         <name>_lock.c.obj</name>
      </input_file>
      <input_file id="fl-31">
         <path>D:\CCS\ccs\tools\compiler\ti-cgt-armllvm_3.2.2.LTS\lib\armv6m-ti-none-eabi\c\</path>
         <kind>archive</kind>
         <file>libc.a</file>
         <name>args_main.c.obj</name>
      </input_file>
      <input_file id="fl-97">
         <path>D:\CCS\ccs\tools\compiler\ti-cgt-armllvm_3.2.2.LTS\lib\clang\15.0.7\lib\armv6m-ti-none-eabi\</path>
         <kind>archive</kind>
         <file>libclang_rt.builtins.a</file>
         <name>addsf3.S.obj</name>
      </input_file>
      <input_file id="fl-98">
         <path>D:\CCS\ccs\tools\compiler\ti-cgt-armllvm_3.2.2.LTS\lib\clang\15.0.7\lib\armv6m-ti-none-eabi\</path>
         <kind>archive</kind>
         <file>libclang_rt.builtins.a</file>
         <name>adddf3.S.obj</name>
      </input_file>
      <input_file id="fl-99">
         <path>D:\CCS\ccs\tools\compiler\ti-cgt-armllvm_3.2.2.LTS\lib\clang\15.0.7\lib\armv6m-ti-none-eabi\</path>
         <kind>archive</kind>
         <file>libclang_rt.builtins.a</file>
         <name>muldf3.S.obj</name>
      </input_file>
      <input_file id="fl-9a">
         <path>D:\CCS\ccs\tools\compiler\ti-cgt-armllvm_3.2.2.LTS\lib\clang\15.0.7\lib\armv6m-ti-none-eabi\</path>
         <kind>archive</kind>
         <file>libclang_rt.builtins.a</file>
         <name>muldsi3.S.obj</name>
      </input_file>
      <input_file id="fl-9b">
         <path>D:\CCS\ccs\tools\compiler\ti-cgt-armllvm_3.2.2.LTS\lib\clang\15.0.7\lib\armv6m-ti-none-eabi\</path>
         <kind>archive</kind>
         <file>libclang_rt.builtins.a</file>
         <name>mulsf3.S.obj</name>
      </input_file>
      <input_file id="fl-9c">
         <path>D:\CCS\ccs\tools\compiler\ti-cgt-armllvm_3.2.2.LTS\lib\clang\15.0.7\lib\armv6m-ti-none-eabi\</path>
         <kind>archive</kind>
         <file>libclang_rt.builtins.a</file>
         <name>divsf3.S.obj</name>
      </input_file>
      <input_file id="fl-9d">
         <path>D:\CCS\ccs\tools\compiler\ti-cgt-armllvm_3.2.2.LTS\lib\clang\15.0.7\lib\armv6m-ti-none-eabi\</path>
         <kind>archive</kind>
         <file>libclang_rt.builtins.a</file>
         <name>divdf3.S.obj</name>
      </input_file>
      <input_file id="fl-9e">
         <path>D:\CCS\ccs\tools\compiler\ti-cgt-armllvm_3.2.2.LTS\lib\clang\15.0.7\lib\armv6m-ti-none-eabi\</path>
         <kind>archive</kind>
         <file>libclang_rt.builtins.a</file>
         <name>extendsfdf2.S.obj</name>
      </input_file>
      <input_file id="fl-9f">
         <path>D:\CCS\ccs\tools\compiler\ti-cgt-armllvm_3.2.2.LTS\lib\clang\15.0.7\lib\armv6m-ti-none-eabi\</path>
         <kind>archive</kind>
         <file>libclang_rt.builtins.a</file>
         <name>fixdfsi.S.obj</name>
      </input_file>
      <input_file id="fl-a0">
         <path>D:\CCS\ccs\tools\compiler\ti-cgt-armllvm_3.2.2.LTS\lib\clang\15.0.7\lib\armv6m-ti-none-eabi\</path>
         <kind>archive</kind>
         <file>libclang_rt.builtins.a</file>
         <name>fixsfsi.S.obj</name>
      </input_file>
      <input_file id="fl-a1">
         <path>D:\CCS\ccs\tools\compiler\ti-cgt-armllvm_3.2.2.LTS\lib\clang\15.0.7\lib\armv6m-ti-none-eabi\</path>
         <kind>archive</kind>
         <file>libclang_rt.builtins.a</file>
         <name>fixunssfsi.S.obj</name>
      </input_file>
      <input_file id="fl-a2">
         <path>D:\CCS\ccs\tools\compiler\ti-cgt-armllvm_3.2.2.LTS\lib\clang\15.0.7\lib\armv6m-ti-none-eabi\</path>
         <kind>archive</kind>
         <file>libclang_rt.builtins.a</file>
         <name>floatunsidf.S.obj</name>
      </input_file>
      <input_file id="fl-a3">
         <path>D:\CCS\ccs\tools\compiler\ti-cgt-armllvm_3.2.2.LTS\lib\clang\15.0.7\lib\armv6m-ti-none-eabi\</path>
         <kind>archive</kind>
         <file>libclang_rt.builtins.a</file>
         <name>truncdfsf2.S.obj</name>
      </input_file>
      <input_file id="fl-a4">
         <path>D:\CCS\ccs\tools\compiler\ti-cgt-armllvm_3.2.2.LTS\lib\clang\15.0.7\lib\armv6m-ti-none-eabi\</path>
         <kind>archive</kind>
         <file>libclang_rt.builtins.a</file>
         <name>aeabi_memcpy.S.obj</name>
      </input_file>
      <input_file id="fl-a5">
         <path>D:\CCS\ccs\tools\compiler\ti-cgt-armllvm_3.2.2.LTS\lib\clang\15.0.7\lib\armv6m-ti-none-eabi\</path>
         <kind>archive</kind>
         <file>libclang_rt.builtins.a</file>
         <name>aeabi_memset.S.obj</name>
      </input_file>
      <input_file id="fl-a6">
         <path>D:\CCS\ccs\tools\compiler\ti-cgt-armllvm_3.2.2.LTS\lib\clang\15.0.7\lib\armv6m-ti-none-eabi\</path>
         <kind>archive</kind>
         <file>libclang_rt.builtins.a</file>
         <name>aeabi_uidivmod.S.obj</name>
      </input_file>
      <input_file id="fl-a7">
         <path>D:\CCS\ccs\tools\compiler\ti-cgt-armllvm_3.2.2.LTS\lib\clang\15.0.7\lib\armv6m-ti-none-eabi\</path>
         <kind>archive</kind>
         <file>libclang_rt.builtins.a</file>
         <name>aeabi_div0.c.obj</name>
      </input_file>
      <input_file id="fl-a8">
         <path>D:\CCS\ccs\tools\compiler\ti-cgt-armllvm_3.2.2.LTS\lib\armv6m-ti-none-eabi\c\</path>
         <kind>archive</kind>
         <file>libc.a</file>
         <name>memcpy16.S.obj</name>
      </input_file>
      <input_file id="fl-a9">
         <path>D:\CCS\ccs\tools\compiler\ti-cgt-armllvm_3.2.2.LTS\lib\armv6m-ti-none-eabi\c\</path>
         <kind>archive</kind>
         <file>libc.a</file>
         <name>memset16.S.obj</name>
      </input_file>
   </input_file_list>
   <object_component_list>
      <object_component id="oc-18">
         <name>.intvecs</name>
         <load_address>0x0</load_address>
         <readonly>true</readonly>
         <run_address>0x0</run_address>
         <size>0xc0</size>
         <alignment>0x4</alignment>
         <input_file_ref idref="fl-3"/>
      </object_component>
      <object_component id="oc-e7">
         <name>.text.computer_rms</name>
         <load_address>0xc0</load_address>
         <readonly>true</readonly>
         <executable>true</executable>
         <run_address>0xc0</run_address>
         <size>0x480</size>
         <alignment>0x4</alignment>
         <input_file_ref idref="fl-8"/>
      </object_component>
      <object_component id="oc-ac">
         <name>.text.uart1_pro</name>
         <load_address>0x540</load_address>
         <readonly>true</readonly>
         <executable>true</executable>
         <run_address>0x540</run_address>
         <size>0x2fc</size>
         <alignment>0x4</alignment>
         <input_file_ref idref="fl-8"/>
      </object_component>
      <object_component id="oc-117">
         <name>.text.adddf3_subdf3</name>
         <load_address>0x83c</load_address>
         <readonly>true</readonly>
         <executable>true</executable>
         <run_address>0x83c</run_address>
         <size>0x192</size>
         <alignment>0x4</alignment>
         <input_file_ref idref="fl-98"/>
      </object_component>
      <object_component id="oc-33">
         <name>.text.Default_Handler</name>
         <load_address>0x9ce</load_address>
         <readonly>true</readonly>
         <executable>true</executable>
         <run_address>0x9ce</run_address>
         <size>0x2</size>
         <alignment>0x2</alignment>
         <input_file_ref idref="fl-3"/>
      </object_component>
      <object_component id="oc-e8">
         <name>.text.data_pro</name>
         <load_address>0x9d0</load_address>
         <readonly>true</readonly>
         <executable>true</executable>
         <run_address>0x9d0</run_address>
         <size>0x11c</size>
         <alignment>0x4</alignment>
         <input_file_ref idref="fl-8"/>
      </object_component>
      <object_component id="oc-fe">
         <name>.text.DL_Timer_initTimerMode</name>
         <load_address>0xaec</load_address>
         <readonly>true</readonly>
         <executable>true</executable>
         <run_address>0xaec</run_address>
         <size>0xe8</size>
         <alignment>0x4</alignment>
         <input_file_ref idref="fl-17"/>
      </object_component>
      <object_component id="oc-113">
         <name>.text.__muldf3</name>
         <load_address>0xbd4</load_address>
         <readonly>true</readonly>
         <executable>true</executable>
         <run_address>0xbd4</run_address>
         <size>0xe4</size>
         <alignment>0x4</alignment>
         <input_file_ref idref="fl-99"/>
      </object_component>
      <object_component id="oc-93">
         <name>.text:memcpy</name>
         <load_address>0xcb8</load_address>
         <readonly>true</readonly>
         <executable>true</executable>
         <run_address>0xcb8</run_address>
         <size>0x9a</size>
         <alignment>0x1</alignment>
         <input_file_ref idref="fl-a8"/>
      </object_component>
      <object_component id="oc-dd">
         <name>.text.key1_get</name>
         <load_address>0xd54</load_address>
         <readonly>true</readonly>
         <executable>true</executable>
         <run_address>0xd54</run_address>
         <size>0x98</size>
         <alignment>0x4</alignment>
         <input_file_ref idref="fl-6"/>
      </object_component>
      <object_component id="oc-aa">
         <name>.text.delay_ms</name>
         <load_address>0xdec</load_address>
         <readonly>true</readonly>
         <executable>true</executable>
         <run_address>0xdec</run_address>
         <size>0x84</size>
         <alignment>0x4</alignment>
         <input_file_ref idref="fl-6"/>
      </object_component>
      <object_component id="oc-d2">
         <name>.text.SYSCFG_DL_GPIO_init</name>
         <load_address>0xe70</load_address>
         <readonly>true</readonly>
         <executable>true</executable>
         <run_address>0xe70</run_address>
         <size>0x80</size>
         <alignment>0x4</alignment>
         <input_file_ref idref="fl-2"/>
      </object_component>
      <object_component id="oc-de">
         <name>.text.key2_get</name>
         <load_address>0xef0</load_address>
         <readonly>true</readonly>
         <executable>true</executable>
         <run_address>0xef0</run_address>
         <size>0x7c</size>
         <alignment>0x4</alignment>
         <input_file_ref idref="fl-6"/>
      </object_component>
      <object_component id="oc-1c">
         <name>.text:decompress:lzss</name>
         <load_address>0xf6c</load_address>
         <readonly>true</readonly>
         <executable>true</executable>
         <run_address>0xf6c</run_address>
         <size>0x78</size>
         <alignment>0x4</alignment>
         <input_file_ref idref="fl-2e"/>
      </object_component>
      <object_component id="oc-d7">
         <name>.text.SYSCFG_DL_UART_0_init</name>
         <load_address>0xfe4</load_address>
         <readonly>true</readonly>
         <executable>true</executable>
         <run_address>0xfe4</run_address>
         <size>0x70</size>
         <alignment>0x4</alignment>
         <input_file_ref idref="fl-2"/>
      </object_component>
      <object_component id="oc-d6">
         <name>.text.SYSCFG_DL_UART_1_init</name>
         <load_address>0x1054</load_address>
         <readonly>true</readonly>
         <executable>true</executable>
         <run_address>0x1054</run_address>
         <size>0x70</size>
         <alignment>0x4</alignment>
         <input_file_ref idref="fl-2"/>
      </object_component>
      <object_component id="oc-7e">
         <name>.text.main</name>
         <load_address>0x10c4</load_address>
         <readonly>true</readonly>
         <executable>true</executable>
         <run_address>0x10c4</run_address>
         <size>0x70</size>
         <alignment>0x4</alignment>
         <input_file_ref idref="fl-1"/>
      </object_component>
      <object_component id="oc-d0">
         <name>.text:memset</name>
         <load_address>0x1134</load_address>
         <readonly>true</readonly>
         <executable>true</executable>
         <run_address>0x1134</run_address>
         <size>0x62</size>
         <alignment>0x1</alignment>
         <input_file_ref idref="fl-a9"/>
      </object_component>
      <object_component id="oc-11b">
         <name>.text.__fixdfsi</name>
         <load_address>0x1198</load_address>
         <readonly>true</readonly>
         <executable>true</executable>
         <run_address>0x1198</run_address>
         <size>0x4a</size>
         <alignment>0x4</alignment>
         <input_file_ref idref="fl-9f"/>
      </object_component>
      <object_component id="oc-107">
         <name>.text.DL_UART_init</name>
         <load_address>0x11e4</load_address>
         <readonly>true</readonly>
         <executable>true</executable>
         <run_address>0x11e4</run_address>
         <size>0x48</size>
         <alignment>0x4</alignment>
         <input_file_ref idref="fl-18"/>
      </object_component>
      <object_component id="oc-d1">
         <name>.text.SYSCFG_DL_initPower</name>
         <load_address>0x122c</load_address>
         <readonly>true</readonly>
         <executable>true</executable>
         <run_address>0x122c</run_address>
         <size>0x48</size>
         <alignment>0x4</alignment>
         <input_file_ref idref="fl-2"/>
      </object_component>
      <object_component id="oc-d3">
         <name>.text.SYSCFG_DL_SYSCTL_init</name>
         <load_address>0x1274</load_address>
         <readonly>true</readonly>
         <executable>true</executable>
         <run_address>0x1274</run_address>
         <size>0x40</size>
         <alignment>0x4</alignment>
         <input_file_ref idref="fl-2"/>
      </object_component>
      <object_component id="oc-34">
         <name>.text.UART1_IRQHandler</name>
         <load_address>0x12b4</load_address>
         <readonly>true</readonly>
         <executable>true</executable>
         <run_address>0x12b4</run_address>
         <size>0x3c</size>
         <alignment>0x4</alignment>
         <input_file_ref idref="fl-8"/>
      </object_component>
      <object_component id="oc-b8">
         <name>.text:__TI_auto_init_nobinit_nopinit</name>
         <load_address>0x12f0</load_address>
         <readonly>true</readonly>
         <executable>true</executable>
         <run_address>0x12f0</run_address>
         <size>0x3c</size>
         <alignment>0x4</alignment>
         <input_file_ref idref="fl-29"/>
      </object_component>
      <object_component id="oc-12d">
         <name>.text.__muldsi3</name>
         <load_address>0x132c</load_address>
         <readonly>true</readonly>
         <executable>true</executable>
         <run_address>0x132c</run_address>
         <size>0x3a</size>
         <alignment>0x4</alignment>
         <input_file_ref idref="fl-9a"/>
      </object_component>
      <object_component id="oc-d5">
         <name>.text.SYSCFG_DL_TIMER_0_init</name>
         <load_address>0x1368</load_address>
         <readonly>true</readonly>
         <executable>true</executable>
         <run_address>0x1368</run_address>
         <size>0x38</size>
         <alignment>0x4</alignment>
         <input_file_ref idref="fl-2"/>
      </object_component>
      <object_component id="oc-39">
         <name>.text.UART0_IRQHandler</name>
         <load_address>0x13a0</load_address>
         <readonly>true</readonly>
         <executable>true</executable>
         <run_address>0x13a0</run_address>
         <size>0x38</size>
         <alignment>0x4</alignment>
         <input_file_ref idref="fl-8"/>
      </object_component>
      <object_component id="oc-a5">
         <name>.text.key_pro</name>
         <load_address>0x13d8</load_address>
         <readonly>true</readonly>
         <executable>true</executable>
         <run_address>0x13d8</run_address>
         <size>0x2c</size>
         <alignment>0x4</alignment>
         <input_file_ref idref="fl-6"/>
      </object_component>
      <object_component id="oc-5a">
         <name>.text:_c_int00_noargs</name>
         <load_address>0x1404</load_address>
         <readonly>true</readonly>
         <executable>true</executable>
         <run_address>0x1404</run_address>
         <size>0x28</size>
         <alignment>0x4</alignment>
         <input_file_ref idref="fl-27"/>
      </object_component>
      <object_component id="oc-10f">
         <name>.text.__floatunsidf</name>
         <load_address>0x142c</load_address>
         <readonly>true</readonly>
         <executable>true</executable>
         <run_address>0x142c</run_address>
         <size>0x24</size>
         <alignment>0x4</alignment>
         <input_file_ref idref="fl-a2"/>
      </object_component>
      <object_component id="oc-f8">
         <name>.text.DL_Timer_setClockConfig</name>
         <load_address>0x1450</load_address>
         <readonly>true</readonly>
         <executable>true</executable>
         <run_address>0x1450</run_address>
         <size>0x1c</size>
         <alignment>0x4</alignment>
         <input_file_ref idref="fl-17"/>
      </object_component>
      <object_component id="oc-a0">
         <name>.text.Init_DA5638</name>
         <load_address>0x146c</load_address>
         <readonly>true</readonly>
         <executable>true</executable>
         <run_address>0x146c</run_address>
         <size>0x1c</size>
         <alignment>0x4</alignment>
         <input_file_ref idref="fl-4"/>
      </object_component>
      <object_component id="oc-98">
         <name>.text.SYSCFG_DL_init</name>
         <load_address>0x1488</load_address>
         <readonly>true</readonly>
         <executable>true</executable>
         <run_address>0x1488</run_address>
         <size>0x1c</size>
         <alignment>0x2</alignment>
         <input_file_ref idref="fl-2"/>
      </object_component>
      <object_component id="oc-9f">
         <name>.text.TIMEG0_init</name>
         <load_address>0x14a4</load_address>
         <readonly>true</readonly>
         <executable>true</executable>
         <run_address>0x14a4</run_address>
         <size>0x1c</size>
         <alignment>0x4</alignment>
         <input_file_ref idref="fl-5"/>
      </object_component>
      <object_component id="oc-9d">
         <name>.text.uart1_init</name>
         <load_address>0x14c0</load_address>
         <readonly>true</readonly>
         <executable>true</executable>
         <run_address>0x14c0</run_address>
         <size>0x18</size>
         <alignment>0x4</alignment>
         <input_file_ref idref="fl-8"/>
      </object_component>
      <object_component id="oc-9e">
         <name>.text.uart_init</name>
         <load_address>0x14d8</load_address>
         <readonly>true</readonly>
         <executable>true</executable>
         <run_address>0x14d8</run_address>
         <size>0x18</size>
         <alignment>0x4</alignment>
         <input_file_ref idref="fl-8"/>
      </object_component>
      <object_component id="oc-51">
         <name>.text:decompress:ZI:__TI_zero_init_nomemset</name>
         <load_address>0x14f0</load_address>
         <readonly>true</readonly>
         <executable>true</executable>
         <run_address>0x14f0</run_address>
         <size>0x16</size>
         <alignment>0x2</alignment>
         <input_file_ref idref="fl-2c"/>
      </object_component>
      <object_component id="oc-101">
         <name>.text.DL_UART_setClockConfig</name>
         <load_address>0x1506</load_address>
         <readonly>true</readonly>
         <executable>true</executable>
         <run_address>0x1506</run_address>
         <size>0x12</size>
         <alignment>0x2</alignment>
         <input_file_ref idref="fl-18"/>
      </object_component>
      <object_component id="oc-20">
         <name>.text:decompress:none</name>
         <load_address>0x1518</load_address>
         <readonly>true</readonly>
         <executable>true</executable>
         <run_address>0x1518</run_address>
         <size>0x12</size>
         <alignment>0x2</alignment>
         <input_file_ref idref="fl-2d"/>
      </object_component>
      <object_component id="oc-df">
         <name>.text.LED2_blue_OFF</name>
         <load_address>0x152c</load_address>
         <readonly>true</readonly>
         <executable>true</executable>
         <run_address>0x152c</run_address>
         <size>0x10</size>
         <alignment>0x4</alignment>
         <input_file_ref idref="fl-7"/>
      </object_component>
      <object_component id="oc-61">
         <name>.text.LED2_blue_ON</name>
         <load_address>0x153c</load_address>
         <readonly>true</readonly>
         <executable>true</executable>
         <run_address>0x153c</run_address>
         <size>0x10</size>
         <alignment>0x4</alignment>
         <input_file_ref idref="fl-7"/>
      </object_component>
      <object_component id="oc-3a">
         <name>.text.TIMG0_IRQHandler</name>
         <load_address>0x154c</load_address>
         <readonly>true</readonly>
         <executable>true</executable>
         <run_address>0x154c</run_address>
         <size>0xc</size>
         <alignment>0x4</alignment>
         <input_file_ref idref="fl-5"/>
      </object_component>
      <object_component id="oc-75">
         <name>.text.__aeabi_memclr</name>
         <load_address>0x1558</load_address>
         <readonly>true</readonly>
         <executable>true</executable>
         <run_address>0x1558</run_address>
         <size>0xc</size>
         <alignment>0x4</alignment>
         <input_file_ref idref="fl-a5"/>
      </object_component>
      <object_component id="oc-e3">
         <name>.text.DL_Common_delayCycles</name>
         <load_address>0x1564</load_address>
         <readonly>true</readonly>
         <executable>true</executable>
         <run_address>0x1564</run_address>
         <size>0xa</size>
         <alignment>0x2</alignment>
         <input_file_ref idref="fl-16"/>
      </object_component>
      <object_component id="oc-4a">
         <name>.text.__aeabi_memcpy</name>
         <load_address>0x1570</load_address>
         <readonly>true</readonly>
         <executable>true</executable>
         <run_address>0x1570</run_address>
         <size>0x8</size>
         <alignment>0x4</alignment>
         <input_file_ref idref="fl-a4"/>
      </object_component>
      <object_component id="oc-2f">
         <name>.text.Reset_Handler</name>
         <load_address>0x1578</load_address>
         <readonly>true</readonly>
         <executable>true</executable>
         <run_address>0x1578</run_address>
         <size>0x4</size>
         <alignment>0x2</alignment>
         <input_file_ref idref="fl-3"/>
      </object_component>
      <object_component id="oc-7a">
         <name>.text._system_pre_init</name>
         <load_address>0x157c</load_address>
         <readonly>true</readonly>
         <executable>true</executable>
         <run_address>0x157c</run_address>
         <size>0x4</size>
         <alignment>0x2</alignment>
         <input_file_ref idref="fl-2a"/>
      </object_component>
      <object_component id="oc-b1">
         <name>.text:abort</name>
         <load_address>0x1580</load_address>
         <readonly>true</readonly>
         <executable>true</executable>
         <run_address>0x1580</run_address>
         <size>0x4</size>
         <alignment>0x2</alignment>
         <input_file_ref idref="fl-2f"/>
      </object_component>
      <object_component id="oc-174">
         <name>__TI_handler_table</name>
         <load_address>0x15b8</load_address>
         <readonly>true</readonly>
         <run_address>0x15b8</run_address>
         <size>0xc</size>
         <alignment>0x4</alignment>
      </object_component>
      <object_component id="oc-176">
         <name>.cinit..data.load</name>
         <load_address>0x15c4</load_address>
         <readonly>true</readonly>
         <run_address>0x15c4</run_address>
         <size>0xb</size>
         <alignment>0x1</alignment>
      </object_component>
      <object_component id="oc-177">
         <name>.cinit..bss.load</name>
         <load_address>0x15d0</load_address>
         <readonly>true</readonly>
         <run_address>0x15d0</run_address>
         <size>0x8</size>
         <alignment>0x4</alignment>
      </object_component>
      <object_component id="oc-175">
         <name>__TI_cinit_table</name>
         <load_address>0x15d8</load_address>
         <readonly>true</readonly>
         <run_address>0x15d8</run_address>
         <size>0x10</size>
         <alignment>0x4</alignment>
      </object_component>
      <object_component id="oc-100">
         <name>.rodata.gTIMER_0TimerConfig</name>
         <load_address>0x1588</load_address>
         <readonly>true</readonly>
         <run_address>0x1588</run_address>
         <size>0x14</size>
         <alignment>0x4</alignment>
         <input_file_ref idref="fl-2"/>
      </object_component>
      <object_component id="oc-10b">
         <name>.rodata.gUART_0Config</name>
         <load_address>0x159c</load_address>
         <readonly>true</readonly>
         <run_address>0x159c</run_address>
         <size>0xa</size>
         <alignment>0x2</alignment>
         <input_file_ref idref="fl-2"/>
      </object_component>
      <object_component id="oc-109">
         <name>.rodata.gUART_1Config</name>
         <load_address>0x15a6</load_address>
         <readonly>true</readonly>
         <run_address>0x15a6</run_address>
         <size>0xa</size>
         <alignment>0x2</alignment>
         <input_file_ref idref="fl-2"/>
      </object_component>
      <object_component id="oc-ff">
         <name>.rodata.gTIMER_0ClockConfig</name>
         <load_address>0x15b0</load_address>
         <readonly>true</readonly>
         <run_address>0x15b0</run_address>
         <size>0x3</size>
         <alignment>0x1</alignment>
         <input_file_ref idref="fl-2"/>
      </object_component>
      <object_component id="oc-10a">
         <name>.rodata.gUART_0ClockConfig</name>
         <load_address>0x15b3</load_address>
         <readonly>true</readonly>
         <run_address>0x15b3</run_address>
         <size>0x2</size>
         <alignment>0x1</alignment>
         <input_file_ref idref="fl-2"/>
      </object_component>
      <object_component id="oc-108">
         <name>.rodata.gUART_1ClockConfig</name>
         <load_address>0x15b5</load_address>
         <readonly>true</readonly>
         <run_address>0x15b5</run_address>
         <size>0x2</size>
         <alignment>0x1</alignment>
         <input_file_ref idref="fl-2"/>
      </object_component>
      <object_component id="oc-13e">
         <name>.binit</name>
         <load_address>0x0</load_address>
         <readonly>true</readonly>
         <run_address>0x0</run_address>
         <size>0x0</size>
         <alignment>0x4</alignment>
      </object_component>
      <object_component id="oc-67">
         <name>.data.rx_cent1</name>
         <load_address>0x202000ea</load_address>
         <readwrite>true</readwrite>
         <run_address>0x202000ea</run_address>
         <size>0x2</size>
         <alignment>0x2</alignment>
         <input_file_ref idref="fl-8"/>
      </object_component>
      <object_component id="oc-66">
         <name>.data.rx_flag1</name>
         <load_address>0x202000f0</load_address>
         <readwrite>true</readwrite>
         <run_address>0x202000f0</run_address>
         <size>0x1</size>
         <alignment>0x1</alignment>
         <input_file_ref idref="fl-8"/>
      </object_component>
      <object_component id="oc-ad">
         <name>.data.dacA</name>
         <load_address>0x202000e0</load_address>
         <readwrite>true</readwrite>
         <run_address>0x202000e0</run_address>
         <size>0x4</size>
         <alignment>0x4</alignment>
         <input_file_ref idref="fl-8"/>
      </object_component>
      <object_component id="oc-ae">
         <name>.data.dacB</name>
         <load_address>0x202000e4</load_address>
         <readwrite>true</readwrite>
         <run_address>0x202000e4</run_address>
         <size>0x4</size>
         <alignment>0x4</alignment>
         <input_file_ref idref="fl-8"/>
      </object_component>
      <object_component id="oc-ea">
         <name>.data.sta</name>
         <load_address>0x202000ee</load_address>
         <readwrite>true</readwrite>
         <run_address>0x202000ee</run_address>
         <size>0x2</size>
         <alignment>0x2</alignment>
         <input_file_ref idref="fl-8"/>
      </object_component>
      <object_component id="oc-e0">
         <name>.data.rms</name>
         <load_address>0x202000e8</load_address>
         <readwrite>true</readwrite>
         <run_address>0x202000e8</run_address>
         <size>0x2</size>
         <alignment>0x2</alignment>
         <input_file_ref idref="fl-8"/>
      </object_component>
      <object_component id="oc-6d">
         <name>.data.rx_cent</name>
         <load_address>0x202000ec</load_address>
         <readwrite>true</readwrite>
         <run_address>0x202000ec</run_address>
         <size>0x2</size>
         <alignment>0x2</alignment>
         <input_file_ref idref="fl-8"/>
      </object_component>
      <object_component id="oc-6c">
         <name>.data.rx_flag</name>
         <load_address>0x202000f1</load_address>
         <readwrite>true</readwrite>
         <run_address>0x202000f1</run_address>
         <size>0x1</size>
         <alignment>0x1</alignment>
         <input_file_ref idref="fl-8"/>
      </object_component>
      <object_component id="oc-68">
         <name>.common:rx_data1</name>
         <uninitialized>true</uninitialized>
         <readwrite>true</readwrite>
         <run_address>0x202000c8</run_address>
         <size>0x14</size>
         <alignment>0x1</alignment>
      </object_component>
      <object_component id="oc-e9">
         <name>.common:receive_rms</name>
         <uninitialized>true</uninitialized>
         <readwrite>true</readwrite>
         <run_address>0x202000dc</run_address>
         <size>0x2</size>
         <alignment>0x2</alignment>
      </object_component>
      <object_component id="oc-6e">
         <name>.common:rx_data</name>
         <uninitialized>true</uninitialized>
         <readwrite>true</readwrite>
         <run_address>0x20200000</run_address>
         <size>0xc8</size>
         <alignment>0x1</alignment>
      </object_component>
      <object_component id="oc-1a">
         <name>.stack</name>
         <uninitialized>true</uninitialized>
         <readwrite>true</readwrite>
         <run_address>0x20207e00</run_address>
         <size>0x4</size>
         <alignment>0x4</alignment>
         <input_file_ref idref="fl-27"/>
      </object_component>
      <object_component id="oc-179">
         <name>.stack</name>
         <uninitialized>true</uninitialized>
         <readwrite>true</readwrite>
         <run_address>0x20207e00</run_address>
         <size>0x0</size>
         <alignment>0x8</alignment>
      </object_component>
      <object_component id="oc-af">
         <name>.debug_abbrev</name>
         <load_address>0x0</load_address>
         <run_address>0x0</run_address>
         <size>0x47</size>
         <alignment>0x1</alignment>
         <input_file_ref idref="fl-1"/>
      </object_component>
      <object_component id="oc-d8">
         <name>.debug_abbrev</name>
         <load_address>0x47</load_address>
         <run_address>0x47</run_address>
         <size>0x222</size>
         <alignment>0x1</alignment>
         <input_file_ref idref="fl-2"/>
      </object_component>
      <object_component id="oc-3f">
         <name>.debug_abbrev</name>
         <load_address>0x269</load_address>
         <run_address>0x269</run_address>
         <size>0x6d</size>
         <alignment>0x1</alignment>
         <input_file_ref idref="fl-3"/>
      </object_component>
      <object_component id="oc-da">
         <name>.debug_abbrev</name>
         <load_address>0x2d6</load_address>
         <run_address>0x2d6</run_address>
         <size>0x1da</size>
         <alignment>0x1</alignment>
         <input_file_ref idref="fl-4"/>
      </object_component>
      <object_component id="oc-6f">
         <name>.debug_abbrev</name>
         <load_address>0x4b0</load_address>
         <run_address>0x4b0</run_address>
         <size>0x140</size>
         <alignment>0x1</alignment>
         <input_file_ref idref="fl-5"/>
      </object_component>
      <object_component id="oc-e1">
         <name>.debug_abbrev</name>
         <load_address>0x5f0</load_address>
         <run_address>0x5f0</run_address>
         <size>0x189</size>
         <alignment>0x1</alignment>
         <input_file_ref idref="fl-6"/>
      </object_component>
      <object_component id="oc-8c">
         <name>.debug_abbrev</name>
         <load_address>0x779</load_address>
         <run_address>0x779</run_address>
         <size>0xe5</size>
         <alignment>0x1</alignment>
         <input_file_ref idref="fl-7"/>
      </object_component>
      <object_component id="oc-69">
         <name>.debug_abbrev</name>
         <load_address>0x85e</load_address>
         <run_address>0x85e</run_address>
         <size>0x2fb</size>
         <alignment>0x1</alignment>
         <input_file_ref idref="fl-8"/>
      </object_component>
      <object_component id="oc-10c">
         <name>.debug_abbrev</name>
         <load_address>0xb59</load_address>
         <run_address>0xb59</run_address>
         <size>0x62</size>
         <alignment>0x1</alignment>
         <input_file_ref idref="fl-16"/>
      </object_component>
      <object_component id="oc-128">
         <name>.debug_abbrev</name>
         <load_address>0xbbb</load_address>
         <run_address>0xbbb</run_address>
         <size>0x258</size>
         <alignment>0x1</alignment>
         <input_file_ref idref="fl-17"/>
      </object_component>
      <object_component id="oc-12a">
         <name>.debug_abbrev</name>
         <load_address>0xe13</load_address>
         <run_address>0xe13</run_address>
         <size>0x27f</size>
         <alignment>0x1</alignment>
         <input_file_ref idref="fl-18"/>
      </object_component>
      <object_component id="oc-41">
         <name>.debug_abbrev</name>
         <load_address>0x1092</load_address>
         <run_address>0x1092</run_address>
         <size>0xaf</size>
         <alignment>0x1</alignment>
         <input_file_ref idref="fl-27"/>
      </object_component>
      <object_component id="oc-f1">
         <name>.debug_abbrev</name>
         <load_address>0x1141</load_address>
         <run_address>0x1141</run_address>
         <size>0x186</size>
         <alignment>0x1</alignment>
         <input_file_ref idref="fl-29"/>
      </object_component>
      <object_component id="oc-96">
         <name>.debug_abbrev</name>
         <load_address>0x12c7</load_address>
         <run_address>0x12c7</run_address>
         <size>0x39</size>
         <alignment>0x1</alignment>
         <input_file_ref idref="fl-2a"/>
      </object_component>
      <object_component id="oc-73">
         <name>.debug_abbrev</name>
         <load_address>0x1300</load_address>
         <run_address>0x1300</run_address>
         <size>0xc2</size>
         <alignment>0x1</alignment>
         <input_file_ref idref="fl-2c"/>
      </object_component>
      <object_component id="oc-4e">
         <name>.debug_abbrev</name>
         <load_address>0x13c2</load_address>
         <run_address>0x13c2</run_address>
         <size>0x70</size>
         <alignment>0x1</alignment>
         <input_file_ref idref="fl-2d"/>
      </object_component>
      <object_component id="oc-46">
         <name>.debug_abbrev</name>
         <load_address>0x1432</load_address>
         <run_address>0x1432</run_address>
         <size>0x8d</size>
         <alignment>0x1</alignment>
         <input_file_ref idref="fl-2e"/>
      </object_component>
      <object_component id="oc-eb">
         <name>.debug_abbrev</name>
         <load_address>0x14bf</load_address>
         <run_address>0x14bf</run_address>
         <size>0xb3</size>
         <alignment>0x1</alignment>
         <input_file_ref idref="fl-2f"/>
      </object_component>
      <object_component id="oc-132">
         <name>.debug_abbrev</name>
         <load_address>0x1572</load_address>
         <run_address>0x1572</run_address>
         <size>0x27</size>
         <alignment>0x1</alignment>
         <input_file_ref idref="fl-98"/>
      </object_component>
      <object_component id="oc-131">
         <name>.debug_abbrev</name>
         <load_address>0x1599</load_address>
         <run_address>0x1599</run_address>
         <size>0x27</size>
         <alignment>0x1</alignment>
         <input_file_ref idref="fl-99"/>
      </object_component>
      <object_component id="oc-134">
         <name>.debug_abbrev</name>
         <load_address>0x15c0</load_address>
         <run_address>0x15c0</run_address>
         <size>0x27</size>
         <alignment>0x1</alignment>
         <input_file_ref idref="fl-9a"/>
      </object_component>
      <object_component id="oc-133">
         <name>.debug_abbrev</name>
         <load_address>0x15e7</load_address>
         <run_address>0x15e7</run_address>
         <size>0x27</size>
         <alignment>0x1</alignment>
         <input_file_ref idref="fl-9f"/>
      </object_component>
      <object_component id="oc-12c">
         <name>.debug_abbrev</name>
         <load_address>0x160e</load_address>
         <run_address>0x160e</run_address>
         <size>0x27</size>
         <alignment>0x1</alignment>
         <input_file_ref idref="fl-a2"/>
      </object_component>
      <object_component id="oc-72">
         <name>.debug_abbrev</name>
         <load_address>0x1635</load_address>
         <run_address>0x1635</run_address>
         <size>0x27</size>
         <alignment>0x1</alignment>
         <input_file_ref idref="fl-a4"/>
      </object_component>
      <object_component id="oc-95">
         <name>.debug_abbrev</name>
         <load_address>0x165c</load_address>
         <run_address>0x165c</run_address>
         <size>0x25</size>
         <alignment>0x1</alignment>
         <input_file_ref idref="fl-a5"/>
      </object_component>
      <object_component id="oc-ca">
         <name>.debug_abbrev</name>
         <load_address>0x1681</load_address>
         <run_address>0x1681</run_address>
         <size>0x25</size>
         <alignment>0x1</alignment>
         <input_file_ref idref="fl-a8"/>
      </object_component>
      <object_component id="oc-f7">
         <name>.debug_abbrev</name>
         <load_address>0x16a6</load_address>
         <run_address>0x16a6</run_address>
         <size>0x25</size>
         <alignment>0x1</alignment>
         <input_file_ref idref="fl-a9"/>
      </object_component>
      <object_component id="oc-17b">
         <name>.debug_abbrev</name>
         <load_address>0x16cb</load_address>
         <run_address>0x16cb</run_address>
         <size>0xf</size>
         <alignment>0x0</alignment>
      </object_component>
      <object_component id="oc-7f">
         <name>.debug_info</name>
         <load_address>0x0</load_address>
         <run_address>0x0</run_address>
         <size>0xd3</size>
         <alignment>0x1</alignment>
         <input_file_ref idref="fl-1"/>
      </object_component>
      <object_component id="oc-99">
         <name>.debug_info</name>
         <load_address>0xd3</load_address>
         <run_address>0xd3</run_address>
         <size>0x3756</size>
         <alignment>0x1</alignment>
         <input_file_ref idref="fl-2"/>
      </object_component>
      <object_component id="oc-19">
         <name>.debug_info</name>
         <load_address>0x3829</load_address>
         <run_address>0x3829</run_address>
         <size>0x80</size>
         <alignment>0x1</alignment>
         <input_file_ref idref="fl-3"/>
      </object_component>
      <object_component id="oc-a3">
         <name>.debug_info</name>
         <load_address>0x38a9</load_address>
         <run_address>0x38a9</run_address>
         <size>0xfcc</size>
         <alignment>0x1</alignment>
         <input_file_ref idref="fl-4"/>
      </object_component>
      <object_component id="oc-3e">
         <name>.debug_info</name>
         <load_address>0x4875</load_address>
         <run_address>0x4875</run_address>
         <size>0xf12</size>
         <alignment>0x1</alignment>
         <input_file_ref idref="fl-5"/>
      </object_component>
      <object_component id="oc-a7">
         <name>.debug_info</name>
         <load_address>0x5787</load_address>
         <run_address>0x5787</run_address>
         <size>0xa26</size>
         <alignment>0x1</alignment>
         <input_file_ref idref="fl-6"/>
      </object_component>
      <object_component id="oc-65">
         <name>.debug_info</name>
         <load_address>0x61ad</load_address>
         <run_address>0x61ad</run_address>
         <size>0x7ac</size>
         <alignment>0x1</alignment>
         <input_file_ref idref="fl-7"/>
      </object_component>
      <object_component id="oc-35">
         <name>.debug_info</name>
         <load_address>0x6959</load_address>
         <run_address>0x6959</run_address>
         <size>0x2187</size>
         <alignment>0x1</alignment>
         <input_file_ref idref="fl-8"/>
      </object_component>
      <object_component id="oc-e4">
         <name>.debug_info</name>
         <load_address>0x8ae0</load_address>
         <run_address>0x8ae0</run_address>
         <size>0x75</size>
         <alignment>0x1</alignment>
         <input_file_ref idref="fl-16"/>
      </object_component>
      <object_component id="oc-fa">
         <name>.debug_info</name>
         <load_address>0x8b55</load_address>
         <run_address>0x8b55</run_address>
         <size>0x2f7d</size>
         <alignment>0x1</alignment>
         <input_file_ref idref="fl-17"/>
      </object_component>
      <object_component id="oc-103">
         <name>.debug_info</name>
         <load_address>0xbad2</load_address>
         <run_address>0xbad2</run_address>
         <size>0x1259</size>
         <alignment>0x1</alignment>
         <input_file_ref idref="fl-18"/>
      </object_component>
      <object_component id="oc-1b">
         <name>.debug_info</name>
         <load_address>0xcd2b</load_address>
         <run_address>0xcd2b</run_address>
         <size>0x423</size>
         <alignment>0x1</alignment>
         <input_file_ref idref="fl-27"/>
      </object_component>
      <object_component id="oc-ba">
         <name>.debug_info</name>
         <load_address>0xd14e</load_address>
         <run_address>0xd14e</run_address>
         <size>0x74a</size>
         <alignment>0x1</alignment>
         <input_file_ref idref="fl-29"/>
      </object_component>
      <object_component id="oc-7b">
         <name>.debug_info</name>
         <load_address>0xd898</load_address>
         <run_address>0xd898</run_address>
         <size>0x46</size>
         <alignment>0x1</alignment>
         <input_file_ref idref="fl-2a"/>
      </object_component>
      <object_component id="oc-54">
         <name>.debug_info</name>
         <load_address>0xd8de</load_address>
         <run_address>0xd8de</run_address>
         <size>0x192</size>
         <alignment>0x1</alignment>
         <input_file_ref idref="fl-2c"/>
      </object_component>
      <object_component id="oc-22">
         <name>.debug_info</name>
         <load_address>0xda70</load_address>
         <run_address>0xda70</run_address>
         <size>0xc6</size>
         <alignment>0x1</alignment>
         <input_file_ref idref="fl-2d"/>
      </object_component>
      <object_component id="oc-1e">
         <name>.debug_info</name>
         <load_address>0xdb36</load_address>
         <run_address>0xdb36</run_address>
         <size>0x180</size>
         <alignment>0x1</alignment>
         <input_file_ref idref="fl-2e"/>
      </object_component>
      <object_component id="oc-b2">
         <name>.debug_info</name>
         <load_address>0xdcb6</load_address>
         <run_address>0xdcb6</run_address>
         <size>0xed</size>
         <alignment>0x1</alignment>
         <input_file_ref idref="fl-2f"/>
      </object_component>
      <object_component id="oc-118">
         <name>.debug_info</name>
         <load_address>0xdda3</load_address>
         <run_address>0xdda3</run_address>
         <size>0x1ac</size>
         <alignment>0x1</alignment>
         <input_file_ref idref="fl-98"/>
      </object_component>
      <object_component id="oc-114">
         <name>.debug_info</name>
         <load_address>0xdf4f</load_address>
         <run_address>0xdf4f</run_address>
         <size>0x192</size>
         <alignment>0x1</alignment>
         <input_file_ref idref="fl-99"/>
      </object_component>
      <object_component id="oc-130">
         <name>.debug_info</name>
         <load_address>0xe0e1</load_address>
         <run_address>0xe0e1</run_address>
         <size>0x194</size>
         <alignment>0x1</alignment>
         <input_file_ref idref="fl-9a"/>
      </object_component>
      <object_component id="oc-11e">
         <name>.debug_info</name>
         <load_address>0xe275</load_address>
         <run_address>0xe275</run_address>
         <size>0x194</size>
         <alignment>0x1</alignment>
         <input_file_ref idref="fl-9f"/>
      </object_component>
      <object_component id="oc-110">
         <name>.debug_info</name>
         <load_address>0xe409</load_address>
         <run_address>0xe409</run_address>
         <size>0x19c</size>
         <alignment>0x1</alignment>
         <input_file_ref idref="fl-a2"/>
      </object_component>
      <object_component id="oc-4b">
         <name>.debug_info</name>
         <load_address>0xe5a5</load_address>
         <run_address>0xe5a5</run_address>
         <size>0x19e</size>
         <alignment>0x1</alignment>
         <input_file_ref idref="fl-a4"/>
      </object_component>
      <object_component id="oc-76">
         <name>.debug_info</name>
         <load_address>0xe743</load_address>
         <run_address>0xe743</run_address>
         <size>0x1ba</size>
         <alignment>0x1</alignment>
         <input_file_ref idref="fl-a5"/>
      </object_component>
      <object_component id="oc-8f">
         <name>.debug_info</name>
         <load_address>0xe8fd</load_address>
         <run_address>0xe8fd</run_address>
         <size>0x2fa</size>
         <alignment>0x1</alignment>
         <input_file_ref idref="fl-a8"/>
      </object_component>
      <object_component id="oc-cf">
         <name>.debug_info</name>
         <load_address>0xebf7</load_address>
         <run_address>0xebf7</run_address>
         <size>0x244</size>
         <alignment>0x1</alignment>
         <input_file_ref idref="fl-a9"/>
      </object_component>
      <object_component id="oc-17a">
         <name>.debug_info</name>
         <load_address>0xee3b</load_address>
         <run_address>0xee3b</run_address>
         <size>0xa6</size>
         <alignment>0x0</alignment>
      </object_component>
      <object_component id="oc-b0">
         <name>.debug_str</name>
         <load_address>0x0</load_address>
         <run_address>0x0</run_address>
         <size>0x116</size>
         <alignment>0x1</alignment>
         <input_file_ref idref="fl-1"/>
      </object_component>
      <object_component id="oc-d9">
         <name>.debug_str</name>
         <load_address>0x116</load_address>
         <run_address>0x116</run_address>
         <size>0x233d</size>
         <alignment>0x1</alignment>
         <input_file_ref idref="fl-2"/>
      </object_component>
      <object_component id="oc-40">
         <name>.debug_str</name>
         <load_address>0x2453</load_address>
         <run_address>0x2453</run_address>
         <size>0x15d</size>
         <alignment>0x1</alignment>
         <input_file_ref idref="fl-3"/>
      </object_component>
      <object_component id="oc-db">
         <name>.debug_str</name>
         <load_address>0x25b0</load_address>
         <run_address>0x25b0</run_address>
         <size>0x551</size>
         <alignment>0x1</alignment>
         <input_file_ref idref="fl-4"/>
      </object_component>
      <object_component id="oc-70">
         <name>.debug_str</name>
         <load_address>0x2b01</load_address>
         <run_address>0x2b01</run_address>
         <size>0x8ac</size>
         <alignment>0x1</alignment>
         <input_file_ref idref="fl-5"/>
      </object_component>
      <object_component id="oc-e2">
         <name>.debug_str</name>
         <load_address>0x33ad</load_address>
         <run_address>0x33ad</run_address>
         <size>0x4eb</size>
         <alignment>0x1</alignment>
         <input_file_ref idref="fl-6"/>
      </object_component>
      <object_component id="oc-8d">
         <name>.debug_str</name>
         <load_address>0x3898</load_address>
         <run_address>0x3898</run_address>
         <size>0x488</size>
         <alignment>0x1</alignment>
         <input_file_ref idref="fl-7"/>
      </object_component>
      <object_component id="oc-6a">
         <name>.debug_str</name>
         <load_address>0x3d20</load_address>
         <run_address>0x3d20</run_address>
         <size>0xc2a</size>
         <alignment>0x1</alignment>
         <input_file_ref idref="fl-8"/>
      </object_component>
      <object_component id="oc-10d">
         <name>.debug_str</name>
         <load_address>0x494a</load_address>
         <run_address>0x494a</run_address>
         <size>0x177</size>
         <alignment>0x1</alignment>
         <input_file_ref idref="fl-16"/>
      </object_component>
      <object_component id="oc-129">
         <name>.debug_str</name>
         <load_address>0x4ac1</load_address>
         <run_address>0x4ac1</run_address>
         <size>0x1c27</size>
         <alignment>0x1</alignment>
         <input_file_ref idref="fl-17"/>
      </object_component>
      <object_component id="oc-12b">
         <name>.debug_str</name>
         <load_address>0x66e8</load_address>
         <run_address>0x66e8</run_address>
         <size>0xced</size>
         <alignment>0x1</alignment>
         <input_file_ref idref="fl-18"/>
      </object_component>
      <object_component id="oc-42">
         <name>.debug_str</name>
         <load_address>0x73d5</load_address>
         <run_address>0x73d5</run_address>
         <size>0x225</size>
         <alignment>0x1</alignment>
         <input_file_ref idref="fl-27"/>
      </object_component>
      <object_component id="oc-f2">
         <name>.debug_str</name>
         <load_address>0x75fa</load_address>
         <run_address>0x75fa</run_address>
         <size>0x32f</size>
         <alignment>0x1</alignment>
         <input_file_ref idref="fl-29"/>
      </object_component>
      <object_component id="oc-97">
         <name>.debug_str</name>
         <load_address>0x7929</load_address>
         <run_address>0x7929</run_address>
         <size>0xf5</size>
         <alignment>0x1</alignment>
         <input_file_ref idref="fl-2a"/>
      </object_component>
      <object_component id="oc-74">
         <name>.debug_str</name>
         <load_address>0x7a1e</load_address>
         <run_address>0x7a1e</run_address>
         <size>0x19b</size>
         <alignment>0x1</alignment>
         <input_file_ref idref="fl-2c"/>
      </object_component>
      <object_component id="oc-4f">
         <name>.debug_str</name>
         <load_address>0x7bb9</load_address>
         <run_address>0x7bb9</run_address>
         <size>0x168</size>
         <alignment>0x1</alignment>
         <input_file_ref idref="fl-2d"/>
      </object_component>
      <object_component id="oc-47">
         <name>.debug_str</name>
         <load_address>0x7d21</load_address>
         <run_address>0x7d21</run_address>
         <size>0x1d5</size>
         <alignment>0x1</alignment>
         <input_file_ref idref="fl-2e"/>
      </object_component>
      <object_component id="oc-ec">
         <name>.debug_str</name>
         <load_address>0x7ef6</load_address>
         <run_address>0x7ef6</run_address>
         <size>0x13f</size>
         <alignment>0x1</alignment>
         <input_file_ref idref="fl-2f"/>
      </object_component>
      <object_component id="oc-81">
         <name>.debug_frame</name>
         <load_address>0x0</load_address>
         <run_address>0x0</run_address>
         <size>0x20</size>
         <alignment>0x4</alignment>
         <input_file_ref idref="fl-1"/>
      </object_component>
      <object_component id="oc-9a">
         <name>.debug_frame</name>
         <load_address>0x20</load_address>
         <run_address>0x20</run_address>
         <size>0xac</size>
         <alignment>0x4</alignment>
         <input_file_ref idref="fl-2"/>
      </object_component>
      <object_component id="oc-30">
         <name>.debug_frame</name>
         <load_address>0xcc</load_address>
         <run_address>0xcc</run_address>
         <size>0x30</size>
         <alignment>0x4</alignment>
         <input_file_ref idref="fl-3"/>
      </object_component>
      <object_component id="oc-a4">
         <name>.debug_frame</name>
         <load_address>0xfc</load_address>
         <run_address>0xfc</run_address>
         <size>0xdc</size>
         <alignment>0x4</alignment>
         <input_file_ref idref="fl-4"/>
      </object_component>
      <object_component id="oc-3b">
         <name>.debug_frame</name>
         <load_address>0x1d8</load_address>
         <run_address>0x1d8</run_address>
         <size>0x30</size>
         <alignment>0x4</alignment>
         <input_file_ref idref="fl-5"/>
      </object_component>
      <object_component id="oc-a6">
         <name>.debug_frame</name>
         <load_address>0x208</load_address>
         <run_address>0x208</run_address>
         <size>0xa4</size>
         <alignment>0x4</alignment>
         <input_file_ref idref="fl-6"/>
      </object_component>
      <object_component id="oc-64">
         <name>.debug_frame</name>
         <load_address>0x2ac</load_address>
         <run_address>0x2ac</run_address>
         <size>0x50</size>
         <alignment>0x4</alignment>
         <input_file_ref idref="fl-7"/>
      </object_component>
      <object_component id="oc-38">
         <name>.debug_frame</name>
         <load_address>0x2fc</load_address>
         <run_address>0x2fc</run_address>
         <size>0x194</size>
         <alignment>0x4</alignment>
         <input_file_ref idref="fl-8"/>
      </object_component>
      <object_component id="oc-e6">
         <name>.debug_frame</name>
         <load_address>0x490</load_address>
         <run_address>0x490</run_address>
         <size>0x20</size>
         <alignment>0x4</alignment>
         <input_file_ref idref="fl-16"/>
      </object_component>
      <object_component id="oc-fc">
         <name>.debug_frame</name>
         <load_address>0x4b0</load_address>
         <run_address>0x4b0</run_address>
         <size>0x400</size>
         <alignment>0x4</alignment>
         <input_file_ref idref="fl-17"/>
      </object_component>
      <object_component id="oc-105">
         <name>.debug_frame</name>
         <load_address>0x8b0</load_address>
         <run_address>0x8b0</run_address>
         <size>0x1b8</size>
         <alignment>0x4</alignment>
         <input_file_ref idref="fl-18"/>
      </object_component>
      <object_component id="oc-59">
         <name>.debug_frame</name>
         <load_address>0xa68</load_address>
         <run_address>0xa68</run_address>
         <size>0x90</size>
         <alignment>0x4</alignment>
         <input_file_ref idref="fl-27"/>
      </object_component>
      <object_component id="oc-bb">
         <name>.debug_frame</name>
         <load_address>0xaf8</load_address>
         <run_address>0xaf8</run_address>
         <size>0x100</size>
         <alignment>0x4</alignment>
         <input_file_ref idref="fl-29"/>
      </object_component>
      <object_component id="oc-7d">
         <name>.debug_frame</name>
         <load_address>0xbf8</load_address>
         <run_address>0xbf8</run_address>
         <size>0x20</size>
         <alignment>0x4</alignment>
         <input_file_ref idref="fl-2a"/>
      </object_component>
      <object_component id="oc-56">
         <name>.debug_frame</name>
         <load_address>0xc18</load_address>
         <run_address>0xc18</run_address>
         <size>0x38</size>
         <alignment>0x4</alignment>
         <input_file_ref idref="fl-2c"/>
      </object_component>
      <object_component id="oc-23">
         <name>.debug_frame</name>
         <load_address>0xc50</load_address>
         <run_address>0xc50</run_address>
         <size>0x28</size>
         <alignment>0x4</alignment>
         <input_file_ref idref="fl-2d"/>
      </object_component>
      <object_component id="oc-1d">
         <name>.debug_frame</name>
         <load_address>0xc78</load_address>
         <run_address>0xc78</run_address>
         <size>0x30</size>
         <alignment>0x4</alignment>
         <input_file_ref idref="fl-2e"/>
      </object_component>
      <object_component id="oc-b5">
         <name>.debug_frame</name>
         <load_address>0xca8</load_address>
         <run_address>0xca8</run_address>
         <size>0x30</size>
         <alignment>0x4</alignment>
         <input_file_ref idref="fl-2f"/>
      </object_component>
      <object_component id="oc-80">
         <name>.debug_line</name>
         <load_address>0x0</load_address>
         <run_address>0x0</run_address>
         <size>0x7e</size>
         <alignment>0x1</alignment>
         <input_file_ref idref="fl-1"/>
      </object_component>
      <object_component id="oc-9b">
         <name>.debug_line</name>
         <load_address>0x7e</load_address>
         <run_address>0x7e</run_address>
         <size>0x5ac</size>
         <alignment>0x1</alignment>
         <input_file_ref idref="fl-2"/>
      </object_component>
      <object_component id="oc-31">
         <name>.debug_line</name>
         <load_address>0x62a</load_address>
         <run_address>0x62a</run_address>
         <size>0xba</size>
         <alignment>0x1</alignment>
         <input_file_ref idref="fl-3"/>
      </object_component>
      <object_component id="oc-a2">
         <name>.debug_line</name>
         <load_address>0x6e4</load_address>
         <run_address>0x6e4</run_address>
         <size>0x1389</size>
         <alignment>0x1</alignment>
         <input_file_ref idref="fl-4"/>
      </object_component>
      <object_component id="oc-3c">
         <name>.debug_line</name>
         <load_address>0x1a6d</load_address>
         <run_address>0x1a6d</run_address>
         <size>0x26b</size>
         <alignment>0x1</alignment>
         <input_file_ref idref="fl-5"/>
      </object_component>
      <object_component id="oc-a9">
         <name>.debug_line</name>
         <load_address>0x1cd8</load_address>
         <run_address>0x1cd8</run_address>
         <size>0x34e</size>
         <alignment>0x1</alignment>
         <input_file_ref idref="fl-6"/>
      </object_component>
      <object_component id="oc-62">
         <name>.debug_line</name>
         <load_address>0x2026</load_address>
         <run_address>0x2026</run_address>
         <size>0x232</size>
         <alignment>0x1</alignment>
         <input_file_ref idref="fl-7"/>
      </object_component>
      <object_component id="oc-37">
         <name>.debug_line</name>
         <load_address>0x2258</load_address>
         <run_address>0x2258</run_address>
         <size>0xfb1</size>
         <alignment>0x1</alignment>
         <input_file_ref idref="fl-8"/>
      </object_component>
      <object_component id="oc-e5">
         <name>.debug_line</name>
         <load_address>0x3209</load_address>
         <run_address>0x3209</run_address>
         <size>0xe4</size>
         <alignment>0x1</alignment>
         <input_file_ref idref="fl-16"/>
      </object_component>
      <object_component id="oc-fd">
         <name>.debug_line</name>
         <load_address>0x32ed</load_address>
         <run_address>0x32ed</run_address>
         <size>0x15a2</size>
         <alignment>0x1</alignment>
         <input_file_ref idref="fl-17"/>
      </object_component>
      <object_component id="oc-106">
         <name>.debug_line</name>
         <load_address>0x488f</load_address>
         <run_address>0x488f</run_address>
         <size>0x989</size>
         <alignment>0x1</alignment>
         <input_file_ref idref="fl-18"/>
      </object_component>
      <object_component id="oc-43">
         <name>.debug_line</name>
         <load_address>0x5218</load_address>
         <run_address>0x5218</run_address>
         <size>0x1fe</size>
         <alignment>0x1</alignment>
         <input_file_ref idref="fl-27"/>
      </object_component>
      <object_component id="oc-b9">
         <name>.debug_line</name>
         <load_address>0x5416</load_address>
         <run_address>0x5416</run_address>
         <size>0x4fb</size>
         <alignment>0x1</alignment>
         <input_file_ref idref="fl-29"/>
      </object_component>
      <object_component id="oc-7c">
         <name>.debug_line</name>
         <load_address>0x5911</load_address>
         <run_address>0x5911</run_address>
         <size>0x3e</size>
         <alignment>0x1</alignment>
         <input_file_ref idref="fl-2a"/>
      </object_component>
      <object_component id="oc-53">
         <name>.debug_line</name>
         <load_address>0x594f</load_address>
         <run_address>0x594f</run_address>
         <size>0xf8</size>
         <alignment>0x1</alignment>
         <input_file_ref idref="fl-2c"/>
      </object_component>
      <object_component id="oc-21">
         <name>.debug_line</name>
         <load_address>0x5a47</load_address>
         <run_address>0x5a47</run_address>
         <size>0xbf</size>
         <alignment>0x1</alignment>
         <input_file_ref idref="fl-2d"/>
      </object_component>
      <object_component id="oc-1f">
         <name>.debug_line</name>
         <load_address>0x5b06</load_address>
         <run_address>0x5b06</run_address>
         <size>0x1c7</size>
         <alignment>0x1</alignment>
         <input_file_ref idref="fl-2e"/>
      </object_component>
      <object_component id="oc-b3">
         <name>.debug_line</name>
         <load_address>0x5ccd</load_address>
         <run_address>0x5ccd</run_address>
         <size>0x6b</size>
         <alignment>0x1</alignment>
         <input_file_ref idref="fl-2f"/>
      </object_component>
      <object_component id="oc-11a">
         <name>.debug_line</name>
         <load_address>0x5d38</load_address>
         <run_address>0x5d38</run_address>
         <size>0x165</size>
         <alignment>0x1</alignment>
         <input_file_ref idref="fl-98"/>
      </object_component>
      <object_component id="oc-116">
         <name>.debug_line</name>
         <load_address>0x5e9d</load_address>
         <run_address>0x5e9d</run_address>
         <size>0x10c</size>
         <alignment>0x1</alignment>
         <input_file_ref idref="fl-99"/>
      </object_component>
      <object_component id="oc-12f">
         <name>.debug_line</name>
         <load_address>0x5fa9</load_address>
         <run_address>0x5fa9</run_address>
         <size>0xb9</size>
         <alignment>0x1</alignment>
         <input_file_ref idref="fl-9a"/>
      </object_component>
      <object_component id="oc-11d">
         <name>.debug_line</name>
         <load_address>0x6062</load_address>
         <run_address>0x6062</run_address>
         <size>0xc1</size>
         <alignment>0x1</alignment>
         <input_file_ref idref="fl-9f"/>
      </object_component>
      <object_component id="oc-112">
         <name>.debug_line</name>
         <load_address>0x6123</load_address>
         <run_address>0x6123</run_address>
         <size>0xb2</size>
         <alignment>0x1</alignment>
         <input_file_ref idref="fl-a2"/>
      </object_component>
      <object_component id="oc-4d">
         <name>.debug_line</name>
         <load_address>0x61d5</load_address>
         <run_address>0x61d5</run_address>
         <size>0xa4</size>
         <alignment>0x1</alignment>
         <input_file_ref idref="fl-a4"/>
      </object_component>
      <object_component id="oc-79">
         <name>.debug_line</name>
         <load_address>0x6279</load_address>
         <run_address>0x6279</run_address>
         <size>0xba</size>
         <alignment>0x1</alignment>
         <input_file_ref idref="fl-a5"/>
      </object_component>
      <object_component id="oc-92">
         <name>.debug_line</name>
         <load_address>0x6333</load_address>
         <run_address>0x6333</run_address>
         <size>0xa0</size>
         <alignment>0x1</alignment>
         <input_file_ref idref="fl-a8"/>
      </object_component>
      <object_component id="oc-ce">
         <name>.debug_line</name>
         <load_address>0x63d3</load_address>
         <run_address>0x63d3</run_address>
         <size>0x80</size>
         <alignment>0x1</alignment>
         <input_file_ref idref="fl-a9"/>
      </object_component>
      <object_component id="oc-d4">
         <name>.debug_loc</name>
         <load_address>0x0</load_address>
         <run_address>0x0</run_address>
         <size>0x180</size>
         <alignment>0x1</alignment>
         <input_file_ref idref="fl-2"/>
      </object_component>
      <object_component id="oc-dc">
         <name>.debug_loc</name>
         <load_address>0x180</load_address>
         <run_address>0x180</run_address>
         <size>0x1d74</size>
         <alignment>0x1</alignment>
         <input_file_ref idref="fl-4"/>
      </object_component>
      <object_component id="oc-ab">
         <name>.debug_loc</name>
         <load_address>0x1ef4</load_address>
         <run_address>0x1ef4</run_address>
         <size>0x232</size>
         <alignment>0x1</alignment>
         <input_file_ref idref="fl-6"/>
      </object_component>
      <object_component id="oc-6b">
         <name>.debug_loc</name>
         <load_address>0x2126</load_address>
         <run_address>0x2126</run_address>
         <size>0x246</size>
         <alignment>0x1</alignment>
         <input_file_ref idref="fl-8"/>
      </object_component>
      <object_component id="oc-10e">
         <name>.debug_loc</name>
         <load_address>0x236c</load_address>
         <run_address>0x236c</run_address>
         <size>0x13</size>
         <alignment>0x1</alignment>
         <input_file_ref idref="fl-16"/>
      </object_component>
      <object_component id="oc-f9">
         <name>.debug_loc</name>
         <load_address>0x237f</load_address>
         <run_address>0x237f</run_address>
         <size>0x18ad</size>
         <alignment>0x1</alignment>
         <input_file_ref idref="fl-17"/>
      </object_component>
      <object_component id="oc-104">
         <name>.debug_loc</name>
         <load_address>0x3c2c</load_address>
         <run_address>0x3c2c</run_address>
         <size>0x7bc</size>
         <alignment>0x1</alignment>
         <input_file_ref idref="fl-18"/>
      </object_component>
      <object_component id="oc-45">
         <name>.debug_loc</name>
         <load_address>0x43e8</load_address>
         <run_address>0x43e8</run_address>
         <size>0xd8</size>
         <alignment>0x1</alignment>
         <input_file_ref idref="fl-27"/>
      </object_component>
      <object_component id="oc-bd">
         <name>.debug_loc</name>
         <load_address>0x44c0</load_address>
         <run_address>0x44c0</run_address>
         <size>0x480</size>
         <alignment>0x1</alignment>
         <input_file_ref idref="fl-29"/>
      </object_component>
      <object_component id="oc-55">
         <name>.debug_loc</name>
         <load_address>0x4940</load_address>
         <run_address>0x4940</run_address>
         <size>0x16c</size>
         <alignment>0x1</alignment>
         <input_file_ref idref="fl-2c"/>
      </object_component>
      <object_component id="oc-50">
         <name>.debug_loc</name>
         <load_address>0x4aac</load_address>
         <run_address>0x4aac</run_address>
         <size>0x6f</size>
         <alignment>0x1</alignment>
         <input_file_ref idref="fl-2d"/>
      </object_component>
      <object_component id="oc-48">
         <name>.debug_loc</name>
         <load_address>0x4b1b</load_address>
         <run_address>0x4b1b</run_address>
         <size>0x166</size>
         <alignment>0x1</alignment>
         <input_file_ref idref="fl-2e"/>
      </object_component>
      <object_component id="oc-b7">
         <name>.debug_loc</name>
         <load_address>0x4c81</load_address>
         <run_address>0x4c81</run_address>
         <size>0x26</size>
         <alignment>0x1</alignment>
         <input_file_ref idref="fl-2f"/>
      </object_component>
      <object_component id="oc-9c">
         <name>.debug_ranges</name>
         <load_address>0x0</load_address>
         <run_address>0x0</run_address>
         <size>0x40</size>
         <alignment>0x1</alignment>
         <input_file_ref idref="fl-2"/>
      </object_component>
      <object_component id="oc-32">
         <name>.debug_ranges</name>
         <load_address>0x40</load_address>
         <run_address>0x40</run_address>
         <size>0x18</size>
         <alignment>0x1</alignment>
         <input_file_ref idref="fl-3"/>
      </object_component>
      <object_component id="oc-a1">
         <name>.debug_ranges</name>
         <load_address>0x58</load_address>
         <run_address>0x58</run_address>
         <size>0xc90</size>
         <alignment>0x1</alignment>
         <input_file_ref idref="fl-4"/>
      </object_component>
      <object_component id="oc-3d">
         <name>.debug_ranges</name>
         <load_address>0xce8</load_address>
         <run_address>0xce8</run_address>
         <size>0x18</size>
         <alignment>0x1</alignment>
         <input_file_ref idref="fl-5"/>
      </object_component>
      <object_component id="oc-a8">
         <name>.debug_ranges</name>
         <load_address>0xd00</load_address>
         <run_address>0xd00</run_address>
         <size>0x50</size>
         <alignment>0x1</alignment>
         <input_file_ref idref="fl-6"/>
      </object_component>
      <object_component id="oc-63">
         <name>.debug_ranges</name>
         <load_address>0xd50</load_address>
         <run_address>0xd50</run_address>
         <size>0x28</size>
         <alignment>0x1</alignment>
         <input_file_ref idref="fl-7"/>
      </object_component>
      <object_component id="oc-36">
         <name>.debug_ranges</name>
         <load_address>0xd78</load_address>
         <run_address>0xd78</run_address>
         <size>0x80</size>
         <alignment>0x1</alignment>
         <input_file_ref idref="fl-8"/>
      </object_component>
      <object_component id="oc-fb">
         <name>.debug_ranges</name>
         <load_address>0xdf8</load_address>
         <run_address>0xdf8</run_address>
         <size>0x170</size>
         <alignment>0x1</alignment>
         <input_file_ref idref="fl-17"/>
      </object_component>
      <object_component id="oc-102">
         <name>.debug_ranges</name>
         <load_address>0xf68</load_address>
         <run_address>0xf68</run_address>
         <size>0x190</size>
         <alignment>0x1</alignment>
         <input_file_ref idref="fl-18"/>
      </object_component>
      <object_component id="oc-44">
         <name>.debug_ranges</name>
         <load_address>0x10f8</load_address>
         <run_address>0x10f8</run_address>
         <size>0x48</size>
         <alignment>0x1</alignment>
         <input_file_ref idref="fl-27"/>
      </object_component>
      <object_component id="oc-bc">
         <name>.debug_ranges</name>
         <load_address>0x1140</load_address>
         <run_address>0x1140</run_address>
         <size>0xa8</size>
         <alignment>0x1</alignment>
         <input_file_ref idref="fl-29"/>
      </object_component>
      <object_component id="oc-52">
         <name>.debug_ranges</name>
         <load_address>0x11e8</load_address>
         <run_address>0x11e8</run_address>
         <size>0x18</size>
         <alignment>0x1</alignment>
         <input_file_ref idref="fl-2c"/>
      </object_component>
      <object_component id="oc-49">
         <name>.debug_ranges</name>
         <load_address>0x1200</load_address>
         <run_address>0x1200</run_address>
         <size>0x30</size>
         <alignment>0x1</alignment>
         <input_file_ref idref="fl-2e"/>
      </object_component>
      <object_component id="oc-b4">
         <name>.debug_ranges</name>
         <load_address>0x1230</load_address>
         <run_address>0x1230</run_address>
         <size>0x18</size>
         <alignment>0x1</alignment>
         <input_file_ref idref="fl-2f"/>
      </object_component>
      <object_component id="oc-78">
         <name>.debug_ranges</name>
         <load_address>0x1248</load_address>
         <run_address>0x1248</run_address>
         <size>0x28</size>
         <alignment>0x1</alignment>
         <input_file_ref idref="fl-a5"/>
      </object_component>
      <object_component id="oc-91">
         <name>.debug_ranges</name>
         <load_address>0x1270</load_address>
         <run_address>0x1270</run_address>
         <size>0x28</size>
         <alignment>0x1</alignment>
         <input_file_ref idref="fl-a8"/>
      </object_component>
      <object_component id="oc-cc">
         <name>.debug_ranges</name>
         <load_address>0x1298</load_address>
         <run_address>0x1298</run_address>
         <size>0x28</size>
         <alignment>0x1</alignment>
         <input_file_ref idref="fl-a9"/>
      </object_component>
      <object_component id="oc-119">
         <name>.debug_aranges</name>
         <load_address>0x0</load_address>
         <run_address>0x0</run_address>
         <size>0x20</size>
         <alignment>0x1</alignment>
         <input_file_ref idref="fl-98"/>
      </object_component>
      <object_component id="oc-115">
         <name>.debug_aranges</name>
         <load_address>0x20</load_address>
         <run_address>0x20</run_address>
         <size>0x20</size>
         <alignment>0x1</alignment>
         <input_file_ref idref="fl-99"/>
      </object_component>
      <object_component id="oc-12e">
[...]
         <unused_space>0x80</unused_space>
         <attributes>R</attributes>
         <usage_details>
         </usage_details>
      </memory_area>
      <memory_area display="yes" color="green">
         <name>BSL_CONFIG</name>
         <page_id>0x0</page_id>
         <origin>0x41c00100</origin>
         <length>0x80</length>
         <used_space>0x0</used_space>
         <unused_space>0x80</unused_space>
         <attributes>R</attributes>
         <usage_details>
         </usage_details>
      </memory_area>
   </placement_map>
   <cptbl_list>
      <cptbl>
         <name>__TI_cinit_table</name>
         <cprec>
            <name>.data</name>
            <load_address>0x15c4</load_address>
            <load_size>0xb</load_size>
            <run_address>0x202000e0</run_address>
            <run_size>0x12</run_size>
            <compression>lzss</compression>
         </cprec>
         <cprec>
            <name>.bss</name>
            <load_address>0x15d0</load_address>
            <load_size>0x8</load_size>
            <run_address>0x20200000</run_address>
            <run_size>0xde</run_size>
            <compression>zero_init</compression>
         </cprec>
      </cptbl>
   </cptbl_list>
   <handler_table>
      <handler_table_name>__TI_handler_table</handler_table_name>
      <handler>
         <index>0x0</index>
         <name>__TI_decompress_lzss</name>
      </handler>
      <handler>
         <index>0x1</index>
         <name>__TI_decompress_none</name>
      </handler>
      <handler>
         <index>0x2</index>
         <name>__TI_zero_init</name>
      </handler>
   </handler_table>
   <symbol_table>
      <symbol id="sm-1">
         <name>__start___llvm_prf_cnts</name>
         <value>0x20200000</value>
      </symbol>
      <symbol id="sm-2">
         <name>__stop___llvm_prf_cnts</name>
         <value>0x20200000</value>
      </symbol>
      <symbol id="sm-3">
         <name>__start___llvm_prf_bits</name>
         <value>0x20200000</value>
      </symbol>
      <symbol id="sm-4">
         <name>__stop___llvm_prf_bits</name>
         <value>0x20200000</value>
      </symbol>
      <symbol id="sm-5">
         <name>__TI_CINIT_Base</name>
         <value>0x15d8</value>
      </symbol>
      <symbol id="sm-6">
         <name>__TI_CINIT_Limit</name>
         <value>0x15e8</value>
      </symbol>
      <symbol id="sm-7">
         <name>__TI_CINIT_Warm</name>
         <value>0x15e8</value>
      </symbol>
      <symbol id="sm-8">
         <name>__TI_Handler_Table_Base</name>
         <value>0x15b8</value>
      </symbol>
      <symbol id="sm-9">
         <name>__TI_Handler_Table_Limit</name>
         <value>0x15c4</value>
      </symbol>
      <symbol id="sm-a">
         <name>binit</name>
         <value>0xffffffff</value>
      </symbol>
      <symbol id="sm-b">
         <name>__binit__</name>
         <value>0xffffffff</value>
      </symbol>
      <symbol id="sm-c">
         <name>__STACK_SIZE</name>
         <value>0x200</value>
      </symbol>
      <symbol id="sm-d">
         <name>__STACK_END</name>
         <value>0x20208000</value>
      </symbol>
      <symbol id="sm-e">
         <name>__TI_pprof_out_hndl</name>
         <value>0xffffffff</value>
      </symbol>
      <symbol id="sm-f">
         <name>__TI_prof_data_start</name>
         <value>0xffffffff</value>
      </symbol>
      <symbol id="sm-10">
         <name>__TI_prof_data_size</name>
         <value>0xffffffff</value>
      </symbol>
      <symbol id="sm-3b">
         <name>main</name>
         <value>0x10c5</value>
         <object_component_ref idref="oc-7e"/>
      </symbol>
      <symbol id="sm-63">
         <name>SYSCFG_DL_init</name>
         <value>0x1489</value>
         <object_component_ref idref="oc-98"/>
      </symbol>
      <symbol id="sm-64">
         <name>SYSCFG_DL_initPower</name>
         <value>0x122d</value>
         <object_component_ref idref="oc-d1"/>
      </symbol>
      <symbol id="sm-65">
         <name>SYSCFG_DL_GPIO_init</name>
         <value>0xe71</value>
         <object_component_ref idref="oc-d2"/>
      </symbol>
      <symbol id="sm-66">
         <name>SYSCFG_DL_SYSCTL_init</name>
         <value>0x1275</value>
         <object_component_ref idref="oc-d3"/>
      </symbol>
      <symbol id="sm-67">
         <name>SYSCFG_DL_TIMER_0_init</name>
         <value>0x1369</value>
         <object_component_ref idref="oc-d5"/>
      </symbol>
      <symbol id="sm-68">
         <name>SYSCFG_DL_UART_1_init</name>
         <value>0x1055</value>
         <object_component_ref idref="oc-d6"/>
      </symbol>
      <symbol id="sm-69">
         <name>SYSCFG_DL_UART_0_init</name>
         <value>0xfe5</value>
         <object_component_ref idref="oc-d7"/>
      </symbol>
      <symbol id="sm-74">
         <name>Default_Handler</name>
         <value>0x9cf</value>
         <object_component_ref idref="oc-33"/>
      </symbol>
      <symbol id="sm-75">
         <name>Reset_Handler</name>
         <value>0x1579</value>
         <object_component_ref idref="oc-2f"/>
      </symbol>
      <symbol id="sm-76">
         <name>interruptVectors</name>
         <value>0x0</value>
         <object_component_ref idref="oc-18"/>
      </symbol>
      <symbol id="sm-77">
         <name>NMI_Handler</name>
         <value>0x9cf</value>
         <object_component_ref idref="oc-33"/>
      </symbol>
      <symbol id="sm-78">
         <name>HardFault_Handler</name>
         <value>0x9cf</value>
         <object_component_ref idref="oc-33"/>
      </symbol>
      <symbol id="sm-79">
         <name>SVC_Handler</name>
         <value>0x9cf</value>
         <object_component_ref idref="oc-33"/>
      </symbol>
      <symbol id="sm-7a">
         <name>PendSV_Handler</name>
         <value>0x9cf</value>
         <object_component_ref idref="oc-33"/>
      </symbol>
      <symbol id="sm-7b">
         <name>SysTick_Handler</name>
         <value>0x9cf</value>
         <object_component_ref idref="oc-33"/>
      </symbol>
      <symbol id="sm-7c">
         <name>GROUP0_IRQHandler</name>
         <value>0x9cf</value>
         <object_component_ref idref="oc-33"/>
      </symbol>
      <symbol id="sm-7d">
         <name>GROUP1_IRQHandler</name>
         <value>0x9cf</value>
         <object_component_ref idref="oc-33"/>
      </symbol>
      <symbol id="sm-7e">
         <name>TIMG8_IRQHandler</name>
         <value>0x9cf</value>
         <object_component_ref idref="oc-33"/>
      </symbol>
      <symbol id="sm-7f">
         <name>UART3_IRQHandler</name>
         <value>0x9cf</value>
         <object_component_ref idref="oc-33"/>
      </symbol>
      <symbol id="sm-80">
         <name>ADC0_IRQHandler</name>
         <value>0x9cf</value>
         <object_component_ref idref="oc-33"/>
      </symbol>
      <symbol id="sm-81">
         <name>ADC1_IRQHandler</name>
         <value>0x9cf</value>
         <object_component_ref idref="oc-33"/>
      </symbol>
      <symbol id="sm-82">
         <name>CANFD0_IRQHandler</name>
         <value>0x9cf</value>
         <object_component_ref idref="oc-33"/>
      </symbol>
      <symbol id="sm-83">
         <name>DAC0_IRQHandler</name>
         <value>0x9cf</value>
         <object_component_ref idref="oc-33"/>
      </symbol>
      <symbol id="sm-84">
         <name>SPI0_IRQHandler</name>
         <value>0x9cf</value>
         <object_component_ref idref="oc-33"/>
      </symbol>
      <symbol id="sm-85">
         <name>SPI1_IRQHandler</name>
         <value>0x9cf</value>
         <object_component_ref idref="oc-33"/>
      </symbol>
      <symbol id="sm-86">
         <name>UART2_IRQHandler</name>
         <value>0x9cf</value>
         <object_component_ref idref="oc-33"/>
      </symbol>
      <symbol id="sm-87">
         <name>TIMG6_IRQHandler</name>
         <value>0x9cf</value>
         <object_component_ref idref="oc-33"/>
      </symbol>
      <symbol id="sm-88">
         <name>TIMA0_IRQHandler</name>
         <value>0x9cf</value>
         <object_component_ref idref="oc-33"/>
      </symbol>
      <symbol id="sm-89">
         <name>TIMA1_IRQHandler</name>
         <value>0x9cf</value>
         <object_component_ref idref="oc-33"/>
      </symbol>
      <symbol id="sm-8a">
         <name>TIMG7_IRQHandler</name>
         <value>0x9cf</value>
         <object_component_ref idref="oc-33"/>
      </symbol>
      <symbol id="sm-8b">
         <name>TIMG12_IRQHandler</name>
         <value>0x9cf</value>
         <object_component_ref idref="oc-33"/>
      </symbol>
      <symbol id="sm-8c">
         <name>I2C0_IRQHandler</name>
         <value>0x9cf</value>
         <object_component_ref idref="oc-33"/>
      </symbol>
      <symbol id="sm-8d">
         <name>I2C1_IRQHandler</name>
         <value>0x9cf</value>
         <object_component_ref idref="oc-33"/>
      </symbol>
      <symbol id="sm-8e">
         <name>AES_IRQHandler</name>
         <value>0x9cf</value>
         <object_component_ref idref="oc-33"/>
      </symbol>
      <symbol id="sm-8f">
         <name>RTC_IRQHandler</name>
         <value>0x9cf</value>
         <object_component_ref idref="oc-33"/>
      </symbol>
      <symbol id="sm-90">
         <name>DMA_IRQHandler</name>
         <value>0x9cf</value>
         <object_component_ref idref="oc-33"/>
      </symbol>
      <symbol id="sm-9b">
         <name>Init_DA5638</name>
         <value>0x146d</value>
         <object_component_ref idref="oc-a0"/>
      </symbol>
      <symbol id="sm-a8">
         <name>TIMEG0_init</name>
         <value>0x14a5</value>
         <object_component_ref idref="oc-9f"/>
      </symbol>
      <symbol id="sm-a9">
         <name>TIMG0_IRQHandler</name>
         <value>0x154d</value>
         <object_component_ref idref="oc-3a"/>
      </symbol>
      <symbol id="sm-bd">
         <name>delay_ms</name>
         <value>0xded</value>
         <object_component_ref idref="oc-aa"/>
      </symbol>
      <symbol id="sm-be">
         <name>key_pro</name>
         <value>0x13d9</value>
         <object_component_ref idref="oc-a5"/>
      </symbol>
      <symbol id="sm-bf">
         <name>key1_get</name>
         <value>0xd55</value>
         <object_component_ref idref="oc-dd"/>
      </symbol>
      <symbol id="sm-c0">
         <name>key2_get</name>
         <value>0xef1</value>
         <object_component_ref idref="oc-de"/>
      </symbol>
      <symbol id="sm-cd">
         <name>LED2_blue_ON</name>
         <value>0x153d</value>
         <object_component_ref idref="oc-61"/>
      </symbol>
      <symbol id="sm-ce">
         <name>LED2_blue_OFF</name>
         <value>0x152d</value>
         <object_component_ref idref="oc-df"/>
      </symbol>
      <symbol id="sm-ef">
         <name>uart1_init</name>
         <value>0x14c1</value>
         <object_component_ref idref="oc-9d"/>
      </symbol>
      <symbol id="sm-f0">
         <name>uart1_pro</name>
         <value>0x541</value>
         <object_component_ref idref="oc-ac"/>
      </symbol>
      <symbol id="sm-f1">
         <name>computer_rms</name>
         <value>0xc1</value>
         <object_component_ref idref="oc-e7"/>
      </symbol>
      <symbol id="sm-f2">
         <name>data_pro</name>
         <value>0x9d1</value>
         <object_component_ref idref="oc-e8"/>
      </symbol>
      <symbol id="sm-f3">
         <name>rx_flag1</name>
         <value>0x202000f0</value>
         <object_component_ref idref="oc-66"/>
      </symbol>
      <symbol id="sm-f4">
         <name>rx_data1</name>
         <value>0x202000c8</value>
      </symbol>
      <symbol id="sm-f5">
         <name>receive_rms</name>
         <value>0x202000dc</value>
      </symbol>
      <symbol id="sm-f6">
         <name>rms</name>
         <value>0x202000e8</value>
         <object_component_ref idref="oc-e0"/>
      </symbol>
      <symbol id="sm-f7">
         <name>sta</name>
         <value>0x202000ee</value>
         <object_component_ref idref="oc-ea"/>
      </symbol>
      <symbol id="sm-f8">
         <name>rx_cent1</name>
         <value>0x202000ea</value>
         <object_component_ref idref="oc-67"/>
      </symbol>
      <symbol id="sm-f9">
         <name>dacA</name>
         <value>0x202000e0</value>
         <object_component_ref idref="oc-ad"/>
      </symbol>
      <symbol id="sm-fa">
         <name>dacB</name>
         <value>0x202000e4</value>
         <object_component_ref idref="oc-ae"/>
      </symbol>
      <symbol id="sm-fb">
         <name>UART1_IRQHandler</name>
         <value>0x12b5</value>
         <object_component_ref idref="oc-34"/>
      </symbol>
      <symbol id="sm-fc">
         <name>uart_init</name>
         <value>0x14d9</value>
         <object_component_ref idref="oc-9e"/>
      </symbol>
      <symbol id="sm-fd">
         <name>UART0_IRQHandler</name>
         <value>0x13a1</value>
         <object_component_ref idref="oc-39"/>
      </symbol>
      <symbol id="sm-fe">
         <name>rx_flag</name>
         <value>0x202000f1</value>
         <object_component_ref idref="oc-6c"/>
      </symbol>
      <symbol id="sm-ff">
         <name>rx_cent</name>
         <value>0x202000ec</value>
         <object_component_ref idref="oc-6d"/>
      </symbol>
      <symbol id="sm-100">
         <name>rx_data</name>
         <value>0x20200000</value>
      </symbol>
      <symbol id="sm-101">
         <name>__TI_ATRegion0_src_addr</name>
         <value>0x0</value>
      </symbol>
      <symbol id="sm-102">
         <name>__TI_ATRegion0_trg_addr</name>
         <value>0x0</value>
      </symbol>
      <symbol id="sm-103">
         <name>__TI_ATRegion0_region_sz</name>
         <value>0x0</value>
      </symbol>
      <symbol id="sm-104">
         <name>__TI_ATRegion1_src_addr</name>
         <value>0x0</value>
      </symbol>
      <symbol id="sm-105">
         <name>__TI_ATRegion1_trg_addr</name>
         <value>0x0</value>
      </symbol>
      <symbol id="sm-106">
         <name>__TI_ATRegion1_region_sz</name>
         <value>0x0</value>
      </symbol>
      <symbol id="sm-107">
         <name>__TI_ATRegion2_src_addr</name>
         <value>0x0</value>
      </symbol>
      <symbol id="sm-108">
         <name>__TI_ATRegion2_trg_addr</name>
         <value>0x0</value>
      </symbol>
      <symbol id="sm-109">
         <name>__TI_ATRegion2_region_sz</name>
         <value>0x0</value>
      </symbol>
      <symbol id="sm-112">
         <name>DL_Common_delayCycles</name>
         <value>0x1565</value>
         <object_component_ref idref="oc-e3"/>
      </symbol>
      <symbol id="sm-122">
         <name>DL_Timer_setClockConfig</name>
         <value>0x1451</value>
         <object_component_ref idref="oc-f8"/>
      </symbol>
      <symbol id="sm-123">
         <name>DL_Timer_initTimerMode</name>
         <value>0xaed</value>
         <object_component_ref idref="oc-fe"/>
      </symbol>
      <symbol id="sm-130">
         <name>DL_UART_init</name>
         <value>0x11e5</value>
         <object_component_ref idref="oc-107"/>
      </symbol>
      <symbol id="sm-131">
         <name>DL_UART_setClockConfig</name>
         <value>0x1507</value>
         <object_component_ref idref="oc-101"/>
      </symbol>
      <symbol id="sm-13c">
         <name>_c_int00_noargs</name>
         <value>0x1405</value>
         <object_component_ref idref="oc-5a"/>
      </symbol>
      <symbol id="sm-13d">
         <name>__stack</name>
         <value>0x20207e00</value>
         <object_component_ref idref="oc-1a"/>
      </symbol>
      <symbol id="sm-149">
         <name>__TI_auto_init_nobinit_nopinit</name>
         <value>0x12f1</value>
         <object_component_ref idref="oc-b8"/>
      </symbol>
      <symbol id="sm-151">
         <name>_system_pre_init</name>
         <value>0x157d</value>
         <object_component_ref idref="oc-7a"/>
      </symbol>
      <symbol id="sm-15c">
         <name>__TI_zero_init_nomemset</name>
         <value>0x14f1</value>
         <object_component_ref idref="oc-51"/>
      </symbol>
      <symbol id="sm-165">
         <name>__TI_decompress_none</name>
         <value>0x1519</value>
         <object_component_ref idref="oc-20"/>
      </symbol>
      <symbol id="sm-170">
         <name>__TI_decompress_lzss</name>
         <value>0xf6d</value>
         <object_component_ref idref="oc-1c"/>
      </symbol>
      <symbol id="sm-17a">
         <name>abort</name>
         <value>0x1581</value>
         <object_component_ref idref="oc-b1"/>
      </symbol>
      <symbol id="sm-17b">
         <name>C$$EXIT</name>
         <value>0x1580</value>
         <object_component_ref idref="oc-b1"/>
      </symbol>
      <symbol id="sm-183">
         <name>__aeabi_dadd</name>
         <value>0x847</value>
         <object_component_ref idref="oc-117"/>
      </symbol>
      <symbol id="sm-184">
         <name>__adddf3</name>
         <value>0x847</value>
         <object_component_ref idref="oc-117"/>
      </symbol>
      <symbol id="sm-185">
         <name>__aeabi_dsub</name>
         <value>0x83d</value>
         <object_component_ref idref="oc-117"/>
      </symbol>
      <symbol id="sm-186">
         <name>__subdf3</name>
         <value>0x83d</value>
         <object_component_ref idref="oc-117"/>
      </symbol>
      <symbol id="sm-18c">
         <name>__aeabi_dmul</name>
         <value>0xbd5</value>
         <object_component_ref idref="oc-113"/>
      </symbol>
      <symbol id="sm-18d">
         <name>__muldf3</name>
         <value>0xbd5</value>
         <object_component_ref idref="oc-113"/>
      </symbol>
      <symbol id="sm-193">
         <name>__muldsi3</name>
         <value>0x132d</value>
         <object_component_ref idref="oc-12d"/>
      </symbol>
      <symbol id="sm-199">
         <name>__aeabi_d2iz</name>
         <value>0x1199</value>
         <object_component_ref idref="oc-11b"/>
      </symbol>
      <symbol id="sm-19a">
         <name>__fixdfsi</name>
         <value>0x1199</value>
         <object_component_ref idref="oc-11b"/>
      </symbol>
      <symbol id="sm-1a0">
         <name>__aeabi_ui2d</name>
         <value>0x142d</value>
         <object_component_ref idref="oc-10f"/>
      </symbol>
      <symbol id="sm-1a1">
         <name>__floatunsidf</name>
         <value>0x142d</value>
         <object_component_ref idref="oc-10f"/>
      </symbol>
      <symbol id="sm-1a7">
         <name>__aeabi_memcpy</name>
         <value>0x1571</value>
         <object_component_ref idref="oc-4a"/>
      </symbol>
      <symbol id="sm-1a8">
         <name>__aeabi_memcpy4</name>
         <value>0x1571</value>
         <object_component_ref idref="oc-4a"/>
      </symbol>
      <symbol id="sm-1a9">
         <name>__aeabi_memcpy8</name>
         <value>0x1571</value>
         <object_component_ref idref="oc-4a"/>
      </symbol>
      <symbol id="sm-1b0">
         <name>__aeabi_memclr</name>
         <value>0x1559</value>
         <object_component_ref idref="oc-75"/>
      </symbol>
      <symbol id="sm-1b1">
         <name>__aeabi_memclr4</name>
         <value>0x1559</value>
         <object_component_ref idref="oc-75"/>
      </symbol>
      <symbol id="sm-1b2">
         <name>__aeabi_memclr8</name>
         <value>0x1559</value>
         <object_component_ref idref="oc-75"/>
      </symbol>
      <symbol id="sm-1cc">
         <name>memcpy</name>
         <value>0xcb9</value>
         <object_component_ref idref="oc-93"/>
      </symbol>
      <symbol id="sm-1db">
         <name>memset</name>
         <value>0x1135</value>
         <object_component_ref idref="oc-d0"/>
      </symbol>
      <symbol id="sm-1dc">
         <name>__TI_static_base__</name>
         <value>0x0</value>
      </symbol>
      <symbol id="sm-1df">
         <name>__mpu_init</name>
         <value>0x0</value>
      </symbol>
      <symbol id="sm-1e0">
         <name>_system_post_cinit</name>
         <value>0x0</value>
      </symbol>
   </symbol_table>
   <title>Link successful</title>
</link_info>
